GLIBC_2.0 {
  global:
	__register_frame_table;
	__deregister_frame_info;
	__moddi3;
	__umoddi3;
	__register_frame;
	__frame_state_for;
	__register_frame_info;
	__divdi3;
	__udivdi3;
	__register_frame_info_table;
	__deregister_frame;

  local:
	*;
};
GCC_3.0 {
  global:
	__floatdisf;
	__udivmoddi4;
	_Unwind_GetGR;
	_Unwind_GetIP;
	__cmpdi2;
	__subvdi3;
	__fixunssfdi;
	__lshrdi3;
	__fixunsdfsi;
	__addvsi3;
	__ucmpdi2;
	__fixsfdi;
	_Unwind_SetGR;
	_Unwind_SetIP;
	__floatdidf;
	__clear_cache;
	_Unwind_ForcedUnwind;
	__ffsdi2;
	_Unwind_GetRegionStart;
	__ashrdi3;
	__fixunsxfsi;
	__fixxfdi;
	__negvsi2;
	__fixunsdfdi;
	_Unwind_GetLanguageSpecificData;
	_Unwind_GetTextRelBase;
	_Unwind_GetDataRelBase;
	__absvsi2;
	__deregister_frame_info_bases;
	__addvdi3;
	__fixunsxfdi;
	_Unwind_Resume;
	__mulvsi3;
	__subvsi3;
	__fixdfdi;
	__register_frame_info_table_bases;
	_Unwind_Find_FDE;
	_Unwind_DeleteException;
	__negvdi2;
	_Unwind_RaiseException;
	__register_frame_info_bases;
	__fixunssfsi;
	__absvdi2;
	__muldi3;
	__negdi2;
	__ashldi3;
	__floatdixf;
	__mulvdi3;
} GLIBC_2.0;
GCC_3.3 {
  global:
	_Unwind_Backtrace;
	_Unwind_FindEnclosingFunction;
	_Unwind_GetCFA;
	_Unwind_Resume_or_Rethrow;
} GCC_3.0;
GCC_3.3.1 {
  global:
	__gcc_personality_v0;
} GCC_3.3;
